// Jest Snapshot v1, https://goo.gl/fbAQLP

exports[`expected to render ErrorBoundary component 1`] = `""`;
